[PASS ] E-01     auto registry returns one row
[PASS ] E-02     org_nr round-trips
[PASS ] E-03     registry column records the matched registry
[PASS ] E-04     the documented key columns are present <D-93>
[PASS ] E-04b    column names follow the package field dictionary as documented
[PASS ] E-05     declared types are honoured
[PASS ] E-06     explicit enheter equals auto
[PASS ] E-07     underenheter registry aborts for a hovedenhet
[PASS ] E-08     auto falls through to underenheter
[PASS ] E-09     sub-entity carries the parent org number
[PASS ] E-10     type = label preserves the row count and schema
[PASS ] E-11     type = label translates the legal form
[PASS ] E-12     type = label leaves the org number untouched
[PASS ] E-13     label via pipe equals label via argument
[PASS ] E-14     brreg_label(code=) retains the raw code
[FAIL ] E-15     the 410 branch, when it fires, returns exactly the documented 4-col schema <D-01>
[PASS ] E-16     the 410 branch sets deleted = TRUE and a parsed deletion_date
[FAIL ] E-17     type = label has an observable effect even on the reduced deleted-entity schema <D-01>
[PASS ] E-18     the 410 branch warns
[PASS ] E-19a    precondition: live deletions are actually served as HTTP 200, not 410
[PASS ] E-19b    precondition: a live deleted entity carries the respons_klasse=SlettetEnhet marker
[FAIL ] E-19c    brreg_entity() explicitly flags a live deleted entity as deleted <D-91>
[FAIL ] E-19d    a live deleted entity resolved via the 200 path still warns the caller <D-91>
[FAIL ] E-19e    across every discovered deleted org, brreg_entity() flags each one as deleted <D-91>
[PASS ] E-19     an org number that never existed in the register aborts
[PASS ] E-20     invalid check digit aborts before any call
[PASS ] E-21     numeric input is accepted
[PASS ] E-22     vectorised input either works or aborts, never returns one wrong row <D-03>
[PASS ] E-23     repeated calls are deterministic
[PASS ] E-24     no unnamed list columns leak into the result
[PASS ] E-25     no column is entirely a JSON blob string
[PASS ] E-26     bank entity carries the documented key columns <D-93>
[FAIL ] E-27     ENK entity carries the documented key columns <D-93>
[FAIL ] E-28     NUF entity carries the documented key columns <D-93>
[PASS ] E-29     bankrupt entity carries a bankruptcy date
[FAIL ] E-30     the documented key columns are present for every entity type <D-93>
[PASS ] E-30b    bind_rows across heterogeneous entity types never errors and unions gracefully
[PASS ] E-31     brreg_entity makes no filesystem writes
[FAIL ] E-32     no nested HAL _links block leaks into the output <D-92>
[FAIL ] E-32b    nested _links are filtered the same way top-level _links are <D-92>

== 12-entity: 40 checks, FAIL=10 PASS=30 ==
