tidybrreg: bulk data not yet downloaded for: enheter, underenheter, roller.
Run brreg_snapshot() for full network/panel support. See ?brreg_status for details.
[PASS ] R-01     roles returns rows for a large ASA
[PASS ] R-02     documented columns are present
[PASS ] R-03     birth_date is a Date
[PASS ] R-04     group_modified is a Date
[PASS ] R-05     org_nr is constant and correct
[PASS ] R-06     role labels are translated, not raw codes
[PASS ] R-07     every role_code is known to role_types
[PASS ] R-08     every role_group_code is known to role_groups
[PASS ] R-09     person rows carry a person_id
[PASS ] R-10     entity-held roles carry an org number
[ERROR] R-11     entity role names are resolved, not JSON
[PASS ] R-12     person_id is unique per person within one entity
[PASS ] R-13     schema is identical across 8 different entities <D-09>
[PASS ] R-14     roles bind_rows cleanly across entities
[SKIP ] R-15     an entity with no roles yields a typed empty tibble <D-05>
[FAIL ] R-16     a deleted entity is distinguishable from one with no roles <D-10>
[FAIL ] R-17     an invalid org number is rejected before the call <D-10>
[PASS ] R-18     repeated calls are deterministic
[PASS ] R-19     roles_legal returns a data frame
[PASS ] R-20     roles_legal columns match the documentation
[PASS ] R-21     roles_legal target org numbers are valid
[FAIL ] R-22     roles_legal on an entity with none returns a typed empty tibble <D-05>
[FAIL ] R-23     roles_legal warns on an HTTP failure like brreg_roles does <D-06>
[PASS ] R-24     roles and roles_legal are inverse on at least one pair
[PASS ] R-25     board_summary returns exactly one row
[PASS ] R-26     board_summary reports the queried org
[PASS ] R-27     board_summary counts sum to board size
[PASS ] R-28     board_summary board_size matches an independent count
[PASS ] R-29     board_summary detects the auditor
[PASS ] R-30     board_summary auditor org number is valid
[FAIL ] R-31     board_summary on multi-org input aborts or returns one row per org <D-12>
[PASS ] R-32     board_summary on an empty roles tibble does not error
[FAIL ] R-33     n_employee_elected counts only employee-elected members <D-13>
[PASS ] R-34     board_summary is stable under row permutation

== 14-roles: 34 checks, ERROR=1 FAIL=6 PASS=26 SKIP=1 ==
