[PASS ] K-01     konsern returns rows for a group member
[PASS ] K-02     documented columns are present
[PASS ] K-03     relation_date is a Date <D-17>
[PASS ] K-04     relation_date is not entirely NA <D-17>
[PASS ] K-05     exactly one root at level 0
[PASS ] K-06     root link form is the synthesised KKKK
[PASS ] K-07     all node org numbers are valid
[PASS ] K-08     non-root nodes carry a parent
[PASS ] K-09     every parent is itself a node in the tree
[PASS ] K-10     levels are contiguous from zero
[PASS ] K-11     node org numbers are unique
[PASS ] K-12     queried org appears in its own group tree
[FAIL ] K-13     an entity outside any group returns a typed empty tibble <D-05>
[FAIL ] K-14     an entity outside any group does not warn <D-16>
[PASS ] K-15     konsern disagrees with in_corporate_group nowhere
[PASS ] K-16     konsern is distinct from the ORGL children hierarchy
[PASS ] K-17     repeated konsern calls are deterministic
[PASS ] SG-01    signatur returns rows for an ASA
[PASS ] SG-02    documented columns are present
[PASS ] SG-03    signature_type is the literal signature
[PASS ] SG-04    birth_date parses to a Date and is not all NA <D-18>
[PASS ] SG-05    birth dates are plausible
[PASS ] SG-06    rule_status is one of the documented codes
[PASS ] SG-07    role codes resolve against role_types
[PASS ] SG-08    combination_id is populated
[PASS ] SG-09    signatur birth_date joins to roles birth_date <D-18>
[PASS ] PK-01    prokura returns a data frame
[PASS ] PK-02    prokura schema equals signatur schema when non-empty
[PASS ] PK-03    signature_type is the literal procuration
[SKIP ] PK-04    an entity without prokura returns a typed empty tibble <D-05>
[PASS ] PK-05    an entity without prokura does not warn <D-16>
[PASS ] PK-06    prokura and signatur are separate mandates
[PASS ] PK-07    mapping prokura over many orgs raises no warning storm <D-16>

== 15-konsern-signatur: 33 checks, FAIL=2 PASS=30 SKIP=1 ==
