[PASS ] G-01     board network builds from org numbers
[PASS ] G-02     board network builds from pre-fetched roles
[PASS ] G-03     node count equals distinct entities plus distinct persons
[PASS ] G-04     node types are exactly entity and person
[PASS ] G-05     entity nodes are labelled with the entity's own name <D-19>
[PASS ] G-06     edge count equals person-held role rows
[PASS ] G-07     no edge references a missing node
[PASS ] G-08     no arguments aborts
[PASS ] G-09     empty roles aborts
[PASS ] G-10     an interlock across two firms is represented
[PASS ] SV-01    survival columns are added
[PASS ] SV-02    row count is preserved
[PASS ] SV-03    entry_date is a Date
[PASS ] SV-04    exit_date is a Date
[PASS ] SV-05    event is 0/1 integer
[PASS ] SV-06    duration is never negative
[PASS ] SV-07    duration is finite where entry is known
[PASS ] SV-08    event 1 implies a non-NA exit date
[PASS ] SV-09    event 0 implies an NA exit date
[PASS ] SV-10    censored duration matches the censoring date
[PASS ] SV-11    explicit censoring_date is honoured
[PASS ] SV-12    entry_var = registration_date works
[PASS ] SV-13    founding date never precedes registration by an implausible margin
[PASS ] SV-14    missing entry column aborts
[PASS ] SV-15    bankrupt firms are events
[FAIL ] SV-16    the input register is not survivor-only for survival analysis <D-20>
[FAIL ] SV-17    duration_years default entry basis is documented as registration <D-20>

== 16-governance: 27 checks, FAIL=2 PASS=25 ==
