[PASS ] Q-01     enhetsregisteret base url is correct
[PASS ] Q-02     fullmakt base url is correct
[PASS ] Q-03     unknown service aborts
[PASS ] Q-04     request carries a descriptive user agent
[PASS ] Q-05     request sets a UTF-8 accept header
[PASS ] Q-06     query parameters are appended
[PASS ] Q-07     NULL query parameters are dropped
[PASS ] Q-08     klass requests target SSB
[PASS ] Q-09     brreg and klass use different throttle realms
[PASS ] Q-10     retry policy is configured
[PASS ] Q-11     error body extractor returns character or empty
[PASS ] Q-12     path segments are escaped, not concatenated blindly
[PASS ] DD-01    data_dir honours the option
[PASS ] DD-02    data_dir creates the directory
[PASS ] DD-03    snapshots on an empty store returns a typed empty tibble
[PASS ] DD-04    snapshots snapshot_date column is a Date
[PASS ] DD-05    snapshots supports all three types
[PASS ] DD-06    open on an empty store aborts
[PASS ] DD-07    cleanup without criteria aborts
[PASS ] DD-08    cleanup on an empty store is a no-op
[PASS ] MN-01    manifest on an empty store returns a typed empty tibble
[PASS ] MN-02    manifest snapshot_date is a Date
[FAIL ] MN-03    manifest with an empty downloads array terminates <D-59>
[PASS ] MN-04    manifest entry carries the documented fields
[PASS ] MN-05    written entry is readable
[FAIL ] MN-06    manifest ids stay unique across writes <D-55>
[PASS ] ST-01    status reports all three datasets
[PASS ] ST-02    status all_ready is consistent
[PASS ] ST-03    status accepts a subset
[PASS ] ST-04    status rejects an unknown dataset

-- tidybrreg sync status --

Last sync: NA
Cursor positions: enheter=0, underenheter=0, roller=0
! enheter: not initialized
! underenheter: not initialized
! roller: not initialized
! paategninger: not initialized
! historiske_navn: not initialized
Changelog: 0 partition(s), 0 file(s)
[PASS ] ST-05    sync_status runs on an uninitialised store

-- tidybrreg sync status --

Last sync: NA
Cursor positions: enheter=0, underenheter=0, roller=0
! enheter: not initialized
! underenheter: not initialized
! roller: not initialized
! paategninger: not initialized
! historiske_navn: not initialized
Changelog: 0 partition(s), 0 file(s)
[PASS ] ST-06    sync_status reports never rather than NA before any sync <D-45>

-- tidybrreg sync status --

Last sync: NA
Cursor positions: enheter=0, underenheter=0, roller=0
! enheter: not initialized
! underenheter: not initialized
! roller: not initialized
! paategninger: not initialized
! historiske_navn: not initialized
Changelog: 0 partition(s), 0 file(s)
[PASS ] ST-07    sync_status cursors start at zero
[PASS ] PQ-01    a parquet backend is available
[PASS ] PQ-02    parquet round trip preserves a tibble
[PASS ] PQ-03    parquet writes are atomic (no temp files left behind)

== 20-request-manifest: 36 checks, FAIL=2 PASS=34 ==
