[PASS ] N-01     depth 0 returns a tbl_graph
[PASS ] N-02     depth 0 has exactly one node
[PASS ] N-03     depth 0 has no edges
[PASS ] N-04     seed node id is prefixed
[PASS ] N-05     node schema is the documented one
[PASS ] N-06     depth 1 expands the graph
[PASS ] N-07     edge schema is the documented one
[PASS ] N-08     node ids are unique
[PASS ] N-09     every edge endpoint exists as a node
[PASS ] N-10     person nodes carry a person_id and no org_nr
[PASS ] N-11     entity nodes carry a valid org number
[PASS ] N-12     include = roles yields only role edges
[PASS ] N-13     include = underenheter yields only establishment edges
[PASS ] N-14     include = children yields only parent edges
[PASS ] N-15     include = legal_roles yields only legal role edges
[PASS ] N-16     include subsets are additive
[PASS ] N-17     unknown include aborts
[PASS ] N-18     edge direction is consistent for containment relations
[FAIL ] N-19     all edges point away from the seed or into it, not both <D-73>
[PASS ] N-20     multiple seeds produce a union graph
[PASS ] N-21     repeated seeds do not duplicate nodes
[PASS ] N-22     depth 1 role edges match brreg_roles row count
