tidybrreg: bulk data not yet downloaded for: roller.
Run brreg_snapshot() for full network/panel support. See ?brreg_status for details.
i Using cached file (147.1 MB, 2026-08-05 06:43).
[PASS ] BW-01    enheter csv bulk downloads
i Using cached file (57.9 MB, 2026-08-05 06:44).
[PASS ] BW-02    underenheter csv bulk downloads
i Downloading full enheter register (~152 MB)
v Downloading full enheter register (~152 MB) [3m 56.1s]

v Downloaded 199.9 MB to cache.
[PASS ] BW-03    enheter json bulk downloads
i Roller only available as JSON. Using "json" format.
i Downloading full roller register (~131 MB)
v Downloading full roller register (~131 MB) [2m 23.1s]

v Downloaded 123.6 MB to cache.
[PASS ] BW-04    roller json bulk downloads
i Using cached file (147.1 MB, 2026-08-05 06:43).
[PASS ] BW-05    cached second call performs no download
[PASS ] BW-06    sampled enheter parse succeeds
[PASS ] BW-07    snapshot store partitions are written
[PASS ] BW-08    snapshot store lists every partition
[PASS ] BW-09    snapshot dates round trip
[PASS ] BW-10    arrow can open the constructed store
[PASS ] BW-11    underenheter store is written for cross-type tests

== 30-bulk-prewarm: 11 checks, PASS=11 ==
