i Using cached file (147.1 MB, 2026-08-05 06:43).
[PASS ] DL-01    path output returns an existing gzip file
i Using cached file (147.1 MB, 2026-08-05 06:43).
[PASS ] DL-02    path output is inside the package cache directory
i Roller only available as JSON. Using "json" format.
i Using cached file (123.6 MB, 2026-08-05 07:12).
[PASS ] DL-03    roller csv is coerced to json with a message
i Using cached file (57.9 MB, 2026-08-05 06:44).
[PASS ] DL-04    underenheter path output works
i Using cached file (147.1 MB, 2026-08-05 06:43).
i Using cached file (147.1 MB, 2026-08-05 06:43).
[PASS ] DL-05    refresh = auto without a change does not re-download
[FAIL ] DL-06    refresh = auto compares against the server <D-22>
i Using cached file (147.1 MB, 2026-08-05 06:43).
[FAIL ] DL-07    an unrecognised refresh value is rejected <D-23>
i Downloading full underenheter register (~59 MB)
v Downloading full underenheter register (~59 MB) [1m 8.6s]

v Downloaded 57.9 MB to cache.
[FAIL ] DL-08    cache = FALSE does not leave a cached payload behind <D-24>
i Using cached file (147.1 MB, 2026-08-05 06:43).
[PASS ] DL-09    csv tibble output maps to English column names
i Using cached file (147.1 MB, 2026-08-05 06:43).
[ERROR] DL-10    arrow output maps to the same column names as tibble output <D-25>
i Using cached file (147.1 MB, 2026-08-05 06:43).
[ERROR] DL-11    arrow output is not materialised as a data frame
i Using cached file (147.1 MB, 2026-08-05 06:43).
[ERROR] DL-12    arrow output row count matches the register
Killed
