[PASS ] PN-00    the shared store has at least three snapshots
[PASS ] PN-01    panel returns rows
[PASS ] PN-02    documented columns are present
[PASS ] PN-03    requested columns are present
[PASS ] PN-04    no unrequested payload columns leak in <D-61>
[PASS ] PN-05    date_mapping attribute is attached
[PASS ] PN-06    every panel snapshot_date exists in the store
[PASS ] PN-07    LOCF never uses a future snapshot
[PASS ] PN-08    one row per firm per period
[PASS ] PN-09    quarterly frequency yields more periods than yearly
[PASS ] PN-10    monthly frequency yields the most periods
[PASS ] PN-11    custom dates are honoured
[PASS ] PN-12    from and to bound the panel
[PASS ] PN-13    max_gap removes stale carry-forward
[FAIL ] PN-14    max_gap is effective for custom frequency <D-62>
[FAIL ] PN-15    is_entry marks only genuinely new firms <D-60>
[FAIL ] PN-16    is_exit marks only firms absent from later periods <D-60>
[SKIP ] PN-17    a firm removed between snapshots is flagged as an exit exactly once <D-60>
[PASS ] PN-18    labelled panel translates codes
[PASS ] PN-19    underenheter panel works
[PASS ] PN-20    custom frequency without dates aborts informatively
[FAIL ] PN-21    period values are period labels, not raw snapshot dates <D-65>
[PASS ] SE-01    series returns rows
[PASS ] SE-02    series has a period column
[PASS ] SE-03    series names summary columns as col_fn
[PASS ] SE-04    counting mode works without .vars
[PASS ] SE-05    national totals equal the sum of grouped totals
[PASS ] SE-06    multiple summary functions produce multiple columns
[PASS ] SE-07    multiple grouping variables are supported
[PASS ] SE-08    series counts match panel counts per period
[PASS ] SE-09    brreg_panel_meta is attached
[PASS ] SE-10    an unknown grouping column aborts informatively
[PASS ] SE-11    quarterly and monthly frequencies work
[PASS ] EV-01    events returns rows
[PASS ] EV-02    documented columns are present
[PASS ] EV-03    event types are the documented set
[PASS ] EV-04    event_date equals the later snapshot
[PASS ] EV-05    exits equal the set difference of org numbers
[PASS ] EV-06    entries equal the reverse set difference
[PASS ] EV-07    planted municipality changes are detected
[PASS ] EV-08    change rows carry both values
[PASS ] EV-09    entry and exit rows carry no field
[PASS ] EV-10    cols restricts the tracked fields
[PASS ] EV-11    identical snapshots produce no events
[PASS ] EV-12    an unknown snapshot date aborts
[FAIL ] EV-13    reversed dates are rejected or clearly labelled
[PASS ] EV-14    no org number appears as both entry and exit
[PASS ] TS-01    series converts to a tsibble
[PASS ] TS-02    panel converts to a tsibble <D-67>
[PASS ] TS-03    explicit key and index are honoured
[PASS ] TS-04    the tsibble index is a Date
[PASS ] TS-05    no rows are lost in conversion

== 33-panel-series-events: 52 checks, FAIL=5 PASS=46 SKIP=1 ==
